// Jest Snapshot v1, https://goo.gl/fbAQLP

exports[`Offline-Notice renders correctly 1`] = `
<View
  style={
    Object {
      "flexDirection": "row",
      "justifyContent": "center",
    }
  }
>
  <Text
    style={
      Object {
        "color": "red",
      }
    }
  >
    You don't have Internet connection 
  </Text>
</View>
`;
